[a-zA-Z]([a-zA-Z0-9+\-.])*:(//((([a-zA-Z0-9\-._~\xa0-\ud7ff\uf900-\ufdcf\ufdf0-\uffef\u10000-\u1fffd\u20000-\u2fffd\u30000-\u3fffd\u40000-\u4fffd\u50000-\u5fffd\u60000-\u6fffd\u70000-\u7fffd\u80000-\u8fffd\u90000-\u9fffd\ua0000-\uafffd\ub0000-\ubfffd\uc0000-\ucfffd\ud0000-\udfffd\ue1000-\uefffd]|%[0-9A-Fa-f][0-9A-Fa-f]|[!$&'()*+,;=]|:))*@)?(\[(((([0-9A-Fa-f]){1,4}:){6,6}(([0-9A-Fa-f]){1,4}:([0-9A-Fa-f]){1,4}|([0-9]|[1-9][0-9]|1([0-9]){2,2}|2[0-4][0-9]|25[0-5])\.([0-9]|[1-9][0-9]|1([0-9]){2,2}|2[0-4][0-9]|25[0-5])\.([0-9]|[1-9][0-9]|1([0-9]){2,2}|2[0-4][0-9]|25[0-5])\.([0-9]|[1-9][0-9]|1([0-9]){2,2}|2[0-4][0-9]|25[0-5]))|::(([0-9A-Fa-f]){1,4}:){5,5}(([0-9A-Fa-f]){1,4}:([0-9A-Fa-f]){1,4}|([0-9]|[1-9][0-9]|1([0-9]){2,2}|2[0-4][0-9]|25[0-5])\.([0-9]|[1-9][0-9]|1([0-9]){2,2}|2[0-4][0-9]|25[0-5])\.([0-9]|[1-9][0-9]|1([0-9]){2,2}|2[0-4][0-9]|25[0-5])\.([0-9]|[1-9][0-9]|1([0-9]){2,2}|2[0-4][0-9]|25[0-5]))|(([0-9A-Fa-f]){1,4})?::(([0-9A-Fa-f]){1,4}:){4,4}(([0-9A-Fa-f]){1,4}:([0-9A-Fa-f]){1,4}|([0-9]|[1-9][0-9]|1([0-9]){2,2}|2[0-4][0-9]|25[0-5])\.([0-9]|[1-9][0-9]|1([0-9]){2,2}|2[0-4][0-9]|25[0-5])\.([0-9]|[1-9][0-9]|1([0-9]){2,2}|2[0-4][0-9]|25[0-5])\.([0-9]|[1-9][0-9]|1([0-9]){2,2}|2[0-4][0-9]|25[0-5]))|((([0-9A-Fa-f]){1,4}:)?([0-9A-Fa-f]){1,4})?::(([0-9A-Fa-f]){1,4}:){3,3}(([0-9A-Fa-f]){1,4}:([0-9A-Fa-f]){1,4}|([0-9]|[1-9][0-9]|1([0-9]){2,2}|2[0-4][0-9]|25[0-5])\.([0-9]|[1-9][0-9]|1([0-9]){2,2}|2[0-4][0-9]|25[0-5])\.([0-9]|[1-9][0-9]|1([0-9]){2,2}|2[0-4][0-9]|25[0-5])\.([0-9]|[1-9][0-9]|1([0-9]){2,2}|2[0-4][0-9]|25[0-5]))|((([0-9A-Fa-f]){1,4}:){2}([0-9A-Fa-f]){1,4})?::(([0-9A-Fa-f]){1,4}:){2,2}(([0-9A-Fa-f]){1,4}:([0-9A-Fa-f]){1,4}|([0-9]|[1-9][0-9]|1([0-9]){2,2}|2[0-4][0-9]|25[0-5])\.([0-9]|[1-9][0-9]|1([0-9]){2,2}|2[0-4][0-9]|25[0-5])\.([0-9]|[1-9][0-9]|1([0-9]){2,2}|2[0-4][0-9]|25[0-5])\.([0-9]|[1-9][0-9]|1([0-9]){2,2}|2[0-4][0-9]|25[0-5]))|((([0-9A-Fa-f]){1,4}:){3}([0-9A-Fa-f]){1,4})?::([0-9A-Fa-f]){1,4}:(([0-9A-Fa-f]){1,4}:([0-9A-Fa-f]){1,4}|([0-9]|[1-9][0-9]|1([0-9]){2,2}|2[0-4][0-9]|25[0-5])\.([0-9]|[1-9][0-9]|1([0-9]){2,2}|2[0-4][0-9]|25[0-5])\.([0-9]|[1-9][0-9]|1([0-9]){2,2}|2[0-4][0-9]|25[0-5])\.([0-9]|[1-9][0-9]|1([0-9]){2,2}|2[0-4][0-9]|25[0-5]))|((([0-9A-Fa-f]){1,4}:){4}([0-9A-Fa-f]){1,4})?::(([0-9A-Fa-f]){1,4}:([0-9A-Fa-f]){1,4}|([0-9]|[1-9][0-9]|1([0-9]){2,2}|2[0-4][0-9]|25[0-5])\.([0-9]|[1-9][0-9]|1([0-9]){2,2}|2[0-4][0-9]|25[0-5])\.([0-9]|[1-9][0-9]|1([0-9]){2,2}|2[0-4][0-9]|25[0-5])\.([0-9]|[1-9][0-9]|1([0-9]){2,2}|2[0-4][0-9]|25[0-5]))|((([0-9A-Fa-f]){1,4}:){5}([0-9A-Fa-f]){1,4})?::([0-9A-Fa-f]){1,4}|((([0-9A-Fa-f]){1,4}:){6}([0-9A-Fa-f]){1,4})?::)|(?i:v)([0-9A-Fa-f]){1,}\.([a-zA-Z0-9\-._~!$&'()*+,;=:]){1,})\]|([0-9]|[1-9][0-9]|1([0-9]){2,2}|2[0-4][0-9]|25[0-5])\.([0-9]|[1-9][0-9]|1([0-9]){2,2}|2[0-4][0-9]|25[0-5])\.([0-9]|[1-9][0-9]|1([0-9]){2,2}|2[0-4][0-9]|25[0-5])\.([0-9]|[1-9][0-9]|1([0-9]){2,2}|2[0-4][0-9]|25[0-5])|(([a-zA-Z0-9\-._~\xa0-\ud7ff\uf900-\ufdcf\ufdf0-\uffef\u10000-\u1fffd\u20000-\u2fffd\u30000-\u3fffd\u40000-\u4fffd\u50000-\u5fffd\u60000-\u6fffd\u70000-\u7fffd\u80000-\u8fffd\u90000-\u9fffd\ua0000-\uafffd\ub0000-\ubfffd\uc0000-\ucfffd\ud0000-\udfffd\ue1000-\uefffd]|%[0-9A-Fa-f][0-9A-Fa-f]|[!$&'()*+,;=]))*)(:([0-9])*)?(/(([a-zA-Z0-9\-._~\xa0-\ud7ff\uf900-\ufdcf\ufdf0-\uffef\u10000-\u1fffd\u20000-\u2fffd\u30000-\u3fffd\u40000-\u4fffd\u50000-\u5fffd\u60000-\u6fffd\u70000-\u7fffd\u80000-\u8fffd\u90000-\u9fffd\ua0000-\uafffd\ub0000-\ubfffd\uc0000-\ucfffd\ud0000-\udfffd\ue1000-\uefffd]|%[0-9A-Fa-f][0-9A-Fa-f]|[!$&'()*+,;=]|:|@))*)*|/((([a-zA-Z0-9\-._~\xa0-\ud7ff\uf900-\ufdcf\ufdf0-\uffef\u10000-\u1fffd\u20000-\u2fffd\u30000-\u3fffd\u40000-\u4fffd\u50000-\u5fffd\u60000-\u6fffd\u70000-\u7fffd\u80000-\u8fffd\u90000-\u9fffd\ua0000-\uafffd\ub0000-\ubfffd\uc0000-\ucfffd\ud0000-\udfffd\ue1000-\uefffd]|%[0-9A-Fa-f][0-9A-Fa-f]|[!$&'()*+,;=]|:|@)){1,}(/(([a-zA-Z0-9\-._~\xa0-\ud7ff\uf900-\ufdcf\ufdf0-\uffef\u10000-\u1fffd\u20000-\u2fffd\u30000-\u3fffd\u40000-\u4fffd\u50000-\u5fffd\u60000-\u6fffd\u70000-\u7fffd\u80000-\u8fffd\u90000-\u9fffd\ua0000-\uafffd\ub0000-\ubfffd\uc0000-\ucfffd\ud0000-\udfffd\ue1000-\uefffd]|%[0-9A-Fa-f][0-9A-Fa-f]|[!$&'()*+,;=]|:|@))*)*)?|(([a-zA-Z0-9\-._~\xa0-\ud7ff\uf900-\ufdcf\ufdf0-\uffef\u10000-\u1fffd\u20000-\u2fffd\u30000-\u3fffd\u40000-\u4fffd\u50000-\u5fffd\u60000-\u6fffd\u70000-\u7fffd\u80000-\u8fffd\u90000-\u9fffd\ua0000-\uafffd\ub0000-\ubfffd\uc0000-\ucfffd\ud0000-\udfffd\ue1000-\uefffd]|%[0-9A-Fa-f][0-9A-Fa-f]|[!$&'()*+,;=]|:|@)){1,}(/(([a-zA-Z0-9\-._~\xa0-\ud7ff\uf900-\ufdcf\ufdf0-\uffef\u10000-\u1fffd\u20000-\u2fffd\u30000-\u3fffd\u40000-\u4fffd\u50000-\u5fffd\u60000-\u6fffd\u70000-\u7fffd\u80000-\u8fffd\u90000-\u9fffd\ua0000-\uafffd\ub0000-\ubfffd\uc0000-\ucfffd\ud0000-\udfffd\ue1000-\uefffd]|%[0-9A-Fa-f][0-9A-Fa-f]|[!$&'()*+,;=]|:|@))*)*|(([a-zA-Z0-9\-._~\xa0-\ud7ff\uf900-\ufdcf\ufdf0-\uffef\u10000-\u1fffd\u20000-\u2fffd\u30000-\u3fffd\u40000-\u4fffd\u50000-\u5fffd\u60000-\u6fffd\u70000-\u7fffd\u80000-\u8fffd\u90000-\u9fffd\ua0000-\uafffd\ub0000-\ubfffd\uc0000-\ucfffd\ud0000-\udfffd\ue1000-\uefffd]|%[0-9A-Fa-f][0-9A-Fa-f]|[!$&'()*+,;=]|:|@)){0,0})(\?((([a-zA-Z0-9\-._~\xa0-\ud7ff\uf900-\ufdcf\ufdf0-\uffef\u10000-\u1fffd\u20000-\u2fffd\u30000-\u3fffd\u40000-\u4fffd\u50000-\u5fffd\u60000-\u6fffd\u70000-\u7fffd\u80000-\u8fffd\u90000-\u9fffd\ua0000-\uafffd\ub0000-\ubfffd\uc0000-\ucfffd\ud0000-\udfffd\ue1000-\uefffd]|%[0-9A-Fa-f][0-9A-Fa-f]|[!$&'()*+,;=]|:|@)|[\ue000-\uf8ff\uf0000-\uffffd\u100000-\u10fffd]|/|\?))*)?(\#((([a-zA-Z0-9\-._~\xa0-\ud7ff\uf900-\ufdcf\ufdf0-\uffef\u10000-\u1fffd\u20000-\u2fffd\u30000-\u3fffd\u40000-\u4fffd\u50000-\u5fffd\u60000-\u6fffd\u70000-\u7fffd\u80000-\u8fffd\u90000-\u9fffd\ua0000-\uafffd\ub0000-\ubfffd\uc0000-\ucfffd\ud0000-\udfffd\ue1000-\uefffd]|%[0-9A-Fa-f][0-9A-Fa-f]|[!$&'()*+,;=]|:|@)|/|\?))*)?
